NODE TRILHA seed1 25:475fd4f9 50:fc18c783 75:cab5df41 100:53f95a79 125:9d65d0b0 150:4776fe33 175:3f6ee46b 200:6df3db3e 225:229e42d7 250:9ee1f8b9 275:b41680a2 300:cc195101 325:f01607a4 350:a18e3a0e 375:76362b6b 400:151761d4 425:28239779 450:d0d402b4 475:36eeb89e 500:f6fce59e 525:04d59ed1 550:e7a99880 575:29f777ba 600:0f49771b 625:e8476d4e 650:b216d7f2 675:2b890aec 700:aabf680b 725:1fc5969d 750:87747fd3 775:b20da1a0 800:078db55b 825:45737336 850:82454fd3 875:15272444 900:bbf0e29e 925:f4ce98a9 950:0e2736bf 975:d5f0c79c 1000:99e77cf5 1025:f503e442 1050:44a83204 1075:3ec51922 1100:380bf0a5 1125:23012024 1150:2c0aa0f3 1175:fa41c5aa 1200:02b0f311 1225:d4e840c1 1250:0307751c 1275:b2bb8dc7 1300:ff6eae23 1325:8b8e696d 1350:0909613d 1375:2c757c03 1400:3a221bd8 1425:eda44e0c 1450:401c1f29 1475:a0de4f57 1500:d8ff8f62 1525:b6ec8b0f 1550:33022327 1575:ac8a737c 1600:1d8b66ae 1625:8c2c7cfa 1650:971fd15a 1675:86e18b4b 1700:82f83a54 1725:ee4cc082 1750:ea7af8ff 1775:68d63ea2 1800:2b65f5c6 1825:165f2f33 1850:3e6c4af4 1875:b11cec20 1900:c99ef0a4 1925:55f98ad7 1950:9188b405 1975:1b55ba6c 2000:2832f21b 2025:41cdb813 2050:bf00226e 2075:185d1da9 2100:4bd396a7 2125:90bf086d 2150:20b92ab0 2175:db4995ea 2200:a5f89ccd 2225:a1ae0a1d 2250:cadb6045 2275:2b9f68e9 2300:838d24a3 2325:77da3e35 2350:38418013 2375:4214d037 2400:762c322b 2425:cb3bd1e3 2450:f5cb5c6f 2475:1b144b2a 2500:d72fb318 2525:15a3d103 2550:165d06c5 2575:27cd69ff 2600:0918020e 2625:42ba5705 2650:c5a61bd1 2675:0af0e0db 2700:cd2dd073 2725:0b934ba0 2750:d6871d3a 2775:a3ccbe0e 2800:5e7c7fad 2825:93fb42b9 2850:f3d805a7 2875:b059a94c 2900:cf693f83 2925:9a65b14b 2950:228346c8 2975:9d330168 3000:feac47c1 3025:7993fc81 3050:e888177e 3075:5a015bb4 3100:79bb6789 3125:654f11d6 3150:e39c2e87 3175:6c15fe05 3200:5748e5fe 3225:55ca86be 3250:7a19a24d 3275:b0bb9ce9 3300:17e3338d 3325:dca70a7a 3350:f4bb9dd1 3375:7c5cb17d 3400:b2b0916d 3425:b6639f83 3450:3c358f43 3475:967d6416 3500:d2bc0ef8 3525:cf1f0935 3550:ab4724bc 3575:ffda0ec4 3600:cd8d04aa 3625:dc89ee32 3650:2ae91546 3675:f6fd175f 3700:8799c67b 3725:b8b48744 3750:f448ce3f 3775:013f20a8 3800:67bd2364 3825:b2a54acb 3850:750847fe 3875:3b436b6f 3900:6999ad3a 3925:5a1eddd6 3950:af534467 3975:c1ed5c36 4000:7332c75f 4025:e2fd9c3f 4050:6a7f6d5e 4075:39953d3c 4100:33dd7f93 4125:03ea16df 4150:fad29dee 4175:15ce5a3d 4200:cdd33f2c 4225:fedba1d4 4250:ab6f97ff 4275:8ca536e1 4300:6bc00b77 4325:b23c9a3d 4350:aac4e198 4375:e1f354e1 4400:070a898b 4425:2ffa4e71 4450:c1867809 4475:de982a3f 4500:1d15dda2 4525:3ccf5e77 4550:98377725 4575:d0ec9255 4600:2f658dbe 4625:00c08c54 4650:05132cc7 4675:32b7d10c 4700:e75aae62 4725:29e1869c 4750:cd444386
NODE MATH pow(0.3,1/60) = 0.9801337731632489
NODE MATH pow(0.22,1/60) = 0.9750802904351924
NODE MATH pow(0.02,1/60) = 0.9368797094027784
NODE MATH pow(0.1,1/60) = 0.9623506263980885
NODE MATH pow(0.5,1/60) = 0.9885140203528962
NODE MATH pow(0.9,1/60) = 0.9982455322867291
NODE MATH pow(0.98,1/60) = 0.999663344892427
NODE MATH hypot(3,4) = 5
NODE MATH hypot(24.030454555350282,921.2125499626026) = 921.5259220199598
NODE MATH hypot(0.1,0.2) = 0.223606797749979
NODE MATH hypot(-137.4499,88.90123) = 163.69454390883928
NODE MATH hypot(1e-8,1) = 1
NODE MATH hypot(900.5,450.25) = 1006.7896068692803
NODE MATH sqrt(a2+b2)(3,4) = 5
NODE MATH sqrt(a2+b2)(24.030454555350282,921.2125499626026) = 921.5259220199599
NODE MATH sqrt(a2+b2)(0.1,0.2) = 0.223606797749979
NODE MATH sqrt(a2+b2)(-137.4499,88.90123) = 163.69454390883925
NODE MATH sqrt(a2+b2)(1e-8,1) = 1
NODE MATH sqrt(a2+b2)(900.5,450.25) = 1006.7896068692803
NODE MATH sin(0.1) = 0.09983341664682815
NODE MATH cos(1.3) = 0.26749882862458735
NODE MATH atan2(0.7,-0.3) = 1.9756881130799802
NODE MATH sqrt(2) = 1.4142135623730951
NODE V8 13.6.233.17-node.40
