NODE S t720 b1 x=24.987820551915583 y=487.75365849752376 vx=2.838447426424594 vy=1.3356668686048927 hp=1032 ax=0 ay=0
NODE S t720 b2 x=735.4123428484639 y=339.35827858299325 vx=48.618713156500085 vy=-156.9937495855999 hp=558 ax=0 ay=0
NODE S t720 b3 x=867.2349918363763 y=428.8680364378464 vx=-48.890378714021416 vy=-8.473299260037814 hp=1032 ax=0 ay=0
NODE S t720 b4 x=15 y=525 vx=4.244586625290738 vy=-2.29825211793845 hp=542 ax=0 ay=0
NODE P t720 -
NODE Z t720 -
NODE S t721 b1 x=25.04467369189688 y=487.73322088208863 vx=2.1442493800071785 vy=3.434482014966049 hp=1026 ax=0 ay=0
NODE S t721 b2 x=736.2720384186335 y=336.7573269958022 vx=51.58173421017482 vy=-156.05709523146203 hp=558 ax=0 ay=0
NODE S t721 b3 x=866.4228986459374 y=428.7117426664826 vx=-48.72559142633418 vy=-9.377626281825725 hp=1032 ax=0 ay=0
NODE S t721 b4 x=15 y=525 vx=4.772349694890602 vy=-3.9465633034604264 hp=542 ax=0 ay=0
NODE P t721 45@753.7258028370608,352.99566448928687,376.96319100615295,280.711155151445
NODE Z t721 -
NODE S t722 b1 x=25.092065278125137 y=487.7405348661993 vx=1.475816260951489 vy=5.446286450262725 hp=1026 ax=0 ay=0
NODE S t722 b2 x=737.1807816003536 y=334.17291348571774 vx=54.52459090320076 vy=-155.06481060506894 hp=558 ax=0 ay=0
NODE S t722 b3 x=865.6138323204809 y=428.54042849045095 vx=-48.54397952738901 vy=-10.278850561901558 hp=1032 ax=0 ay=0
NODE S t722 b4 x=15 y=525 vx=4.429351926505807 vy=-2.8402890341650986 hp=542 ax=0 ay=0
NODE P t722 45@760.0085226871633,357.67418374181096,376.96319100615295,280.711155151445
NODE Z t722 -
NODE S t723 b1 x=25.129454203666292 y=487.7777440789352 vx=0.8706344264546592 vy=7.234627310475841 hp=1026 ax=0 ay=0
NODE S t723 b2 x=738.1382204924423 y=331.6059577178595 vx=57.44633352531962 vy=-154.01734607149515 hp=558 ax=0 ay=0
NODE S t723 b3 x=864.8080722475985 y=428.3541508784884 vx=-48.34560437294305 vy=-11.176656717753266 hp=1032 ax=0 ay=0
NODE S t723 b4 x=15 y=525 vx=4.762558273951634 vy=-3.9245312751864243 hp=542 ax=0 ay=0
NODE P t723 45@766.2912425372659,362.35270299433506,376.96319100615295,280.711155151445
NODE Z t723 -
NODE S t724 b1 x=25.161523723123636 y=487.8279579608539 vx=0.562637505576975 vy=7.952225711884162 hp=1026 ax=0 ay=0
NODE S t724 b2 x=739.1439874733036 y=329.05737162746317 vx=60.346018851678416 vy=-152.9151654237783 hp=558 ax=0 ay=0
NODE S t724 b3 x=864.0058966955518 y=428.1529720351993 vx=-48.13053312280399 vy=-12.070730597344813 hp=1032 ax=0 ay=0
NODE S t724 b4 x=15 y=525 vx=5.250683077802782 vy=-5.746809518985231 hp=542 ax=0 ay=0
NODE P t724 45@772.5739623873685,367.03122224685916,376.96319100615295,280.711155151445
NODE Z t724 -
NODE S t725 b1 x=25.19350946219745 y=487.8724429996488 vx=0.5060541906464513 vy=7.773291680121228 hp=1026 ax=0 ay=0
NODE S t725 b2 x=740.1976993128278 y=326.5280591947065 vx=63.22271037145367 vy=-151.75874596540177 hp=558 ax=0 ay=0
NODE S t725 b3 x=863.2075827168497 y=427.9369593787431 vx=-47.8988387221187 vy=-12.960759387371542 hp=1032 ax=0 ay=0
NODE S t725 b4 x=15 y=525 vx=5.549173616029802 vy=-6.746050264210553 hp=542 ax=0 ay=0
NODE P t725 45@778.8566822374711,371.70974149938326,376.96319100615295,280.711155151445
NODE Z t725 -
NODE S t726 b1 x=25.227497969630374 y=487.9039460635152 vx=0.5302905575594742 vy=7.318405427958238 hp=1026 ax=0 ay=0
NODE S t726 b2 x=741.2989572882475 y=324.0189162183459 vx=66.07547852518232 vy=-150.5485785816341 hp=558 ax=0 ay=0
NODE S t726 b3 x=862.4134060521783 y=427.706185516723 vx=-47.65059988028706 vy=-13.846431721204986 hp=1032 ax=0 ay=0
NODE S t726 b4 x=15 y=525 vx=5.5631115871074615 vy=-6.798124197777631 hp=542 ax=0 ay=0
NODE P t726 45@785.1394020875737,376.38826075190735,376.96319100615295,280.711155151445
NODE Z t726 -
NODE S t727 b1 x=25.26285880424085 y=487.9250166215552 vx=0.5169687923458852 vy=7.013486665102807 hp=1026 ax=0 ay=0
NODE S t727 b2 x=742.4473473040814 y=321.53083008835335 vx=68.90340095003145 vy=-149.2851677995544 hp=558 ax=0 ay=0
NODE S t727 b3 x=861.6236410347195 y=427.46072822028185 vx=-47.38590104752325 vy=-14.727437786470306 hp=1032 ax=0 ay=0
NODE S t727 b4 x=15 y=525 vx=5.4714802242690785 vy=-6.418325368718807 hp=542 ax=0 ay=0
NODE P t727 45@791.4221219376763,381.06678000443145,376.96319100615295,280.711155151445
NODE Z t727 -
NODE S t728 b1 x=25.298116087888594 y=487.94118520554645 vx=0.4418055888061847 vy=6.943480011872527 hp=1026 ax=0 ay=0
NODE S t728 b2 x=743.6424400162857 y=319.0646795577428 vx=71.70556273226069 vy=-147.96903183663167 hp=558 ax=0 ay=0
NODE S t728 b3 x=860.8385604949015 y=427.20067039641185 vx=-47.1048323890874 vy=-15.603469432200956 hp=1032 ax=0 ay=0
NODE S t728 b4 x=15 y=525 vx=5.3837031820377454 vy=-6.092333440029343 hp=542 ax=0 ay=0
NODE P t728 45@797.7048417877788,385.74529925695555,376.96319100615295,280.711155151445
NODE Z t728 -
NODE S t729 b1 x=25.332276598072276 y=487.9562131267091 vx=0.3345710579623622 vy=7.000306535618133 hp=1026 ax=0 ay=0
NODE S t729 b2 x=744.8837909607216 y=316.62133451378014 vx=74.48105666615274 vy=-146.60070263776146 hp=558 ax=0 ay=0
NODE S t729 b3 x=860.0584356656146 y=426.92610005848655 vx=-46.80748975721142 vy=-16.47422027551652 hp=1032 ax=0 ay=0
NODE S t729 b4 x=15 y=525 vx=5.362764757630378 vy=-5.982724836154654 hp=542 ax=0 ay=0
NODE P t729 45@803.9875616378814,390.42381850947964,376.96319100615295,280.711155151445
NODE Z t729 -
NODE S t730 b1 x=25.365106529987482 y=487.9711264919917 vx=0.22927043397369323 vy=7.062073068990726 hp=1026 ax=0 ay=0
NODE S t730 b2 x=746.1709406860334 y=314.20165574876853 vx=77.22898351871032 vy=-145.18072590069545 hp=558 ax=0 ay=0
NODE S t730 b3 x=859.2835360879355 y=426.6371102950237 vx=-46.49397466074355 vy=-17.339385807771006 hp=1032 ax=0 ay=0
NODE S t730 b4 x=15 y=525 vx=5.380709267228959 vy=-6.0282924312144095 hp=542 ax=0 ay=0
NODE P t730 45@810.270281487984,395.10233776200374,376.96319100615295,280.711155151445
NODE Z t730 -
NODE S t731 b1 x=25.396799824371506 y=487.98542484882313 vx=0.140803534380197 vy=7.075695745708918 hp=1026 ax=0 ay=0
NODE S t731 b2 x=747.5034148910241 y=311.8064947306047 vx=79.94845229944039 vy=-143.7096610898315 hp=558 ax=0 ay=0
NODE S t731 b3 x=858.5141295173933 y=426.3337992366884 vx=-46.16439423253688 vy=-18.19866350012028 hp=1032 ax=0 ay=0
NODE S t731 b4 x=15 y=525 vx=5.4107772553532785 vy=-6.106410149924423 hp=542 ax=0 ay=0
NODE P t731 45@816.5530013380866,399.78085701452784,376.96319100615295,280.711155151445
NODE Z t731 -
NODE S t732 b1 x=25.427589344475322 y=487.9984647731297 vx=0.06691066820968178 vy=7.049013224951755 hp=1026 ax=0 ay=0
NODE S t732 b2 x=748.8807245666003 y=309.4366933732987 vx=82.63858053456931 vy=-142.18808143835966 hp=558 ax=0 ay=0
NODE S t732 b3 x=857.7504818308165 y=426.0162700215474 vx=-45.81886119460788 vy=-19.05175290845851 hp=1032 ax=0 ay=0
NODE S t732 b4 x=15 y=525 vx=5.428419383179855 vy=-6.148174032562602 hp=542 ax=0 ay=0
NODE P t732 45@822.8357211881892,404.45937626705194,376.96319100615295,280.711155151445
NODE Z t732 -
NODE S t733 b1 x=25.457571177366614 y=488.01008093694077 vx=-0.0005032227823201785 vy=7.010281738863311 hp=1026 ax=0 ay=0
NODE S t733 b2 x=750.3023661423513 y=307.09308380765225 vx=85.2984945450563 vy=-140.61657393878582 hp=558 ax=0 ay=0
NODE S t733 b3 x=856.9928569337983 y=425.6846307585862 vx=-45.457493821091234 vy=-19.89835577767493 hp=1032 ax=0 ay=0
NODE S t733 b4 x=15 y=525 vx=5.434803742153734 vy=-6.146254115180351 hp=542 ax=0 ay=0
NODE P t733 45@829.1184410382917,409.13789551957603,376.96319100615295,280.711155151445
NODE Z t733 -
NODE S t734 b1 x=25.486721784934428 y=488.0205203738672 vx=-0.06708319719165456 vy=6.978923737142797 hp=1026 ax=0 ay=0
NODE S t734 b2 x=751.7678216378146 y=304.7764881522876 vx=87.92732972779488 vy=-138.99573932187968 hp=558 ax=0 ay=0
NODE S t734 b3 x=856.2415166688147 y=425.3389944894998 vx=-45.08041589901836 vy=-20.73817614518334 hp=1026 ax=0 ay=0
NODE S t734 b4 x=15 y=525 vx=5.434591247446985 vy=-6.125148045958411 hp=542 ax=0 ay=0
NODE P t734 -
NODE Z t734 -
NODE S t735 b1 x=25.514984126461748 y=488.0301393788826 vx=-0.13406377639097944 vy=6.9588249286981885 hp=1026 ax=0 ay=0
NODE S t735 b2 x=753.2765588184715 y=302.487718285219 vx=90.52423083941581 vy=-137.32619202411612 hp=558 ax=0 ay=0
NODE S t735 b3 x=855.4967207240322 y=424.9794791487718 vx=-44.687756686947054 vy=-21.570920443678155 hp=1026 ax=0 ay=0
NODE S t735 b4 x=15 y=525 vx=5.43538837737195 vy=-6.106302822098546 hp=542 ax=0 ay=0
NODE P t735 -
NODE Z t735 -
NODE S t736 b1 x=25.542327897467544 y=488.03919264608226 vx=-0.20015134327680317 vy=6.945056648372519 hp=1026 ax=0 ay=0
NODE S t736 b2 x=754.8280313565069 y=300.22757561615737 vx=93.08835228212737 vy=-135.6085601436989 hp=558 ax=0 ay=0
NODE S t736 b3 x=854.758726542841 y=424.606207522054 vx=-44.27965087147043 vy=-22.3962976030719 hp=1026 ax=0 ay=0
NODE S t736 b4 x=15 y=525 vx=5.4384863178002565 vy=-6.097622163438942 hp=542 ax=0 ay=0
NODE P t736 -
NODE Z t736 -
NODE S t737 b1 x=25.568761457438665 y=488.04779357099056 vx=-0.26385008700627355 vy=6.93204800237255 hp=1026 ax=0 ay=0
NODE S t737 b2 x=756.4216789963577 y=297.9968508597361 vx=95.61885839105192 vy=-133.84348538527567 hp=558 ax=0 ay=0
NODE S t737 b3 x=854.0277892341471 y=424.21930720286116 vx=-43.856238521633784 vy=-23.214019151570294 hp=1026 ax=0 ay=0
NODE S t737 b4 x=15 y=525 vx=5.443686997867896 vy=-6.096014684162956 hp=542 ax=0 ay=0
NODE P t737 -
NODE Z t737 -
NODE S t738 b1 x=25.594315267458235 y=488.0559728155748 vx=-0.3245531592797751 vy=6.917359797551468 hp=1026 ax=0 ay=0
NODE S t738 b2 x=758.0569277250668 y=295.796323809845 vx=98.1149237225399 vy=-132.03162299346968 hp=558 ax=0 ay=0
NODE S t738 b3 x=853.304161483459 y=423.8189105475971 vx=-43.41766504128825 vy=-24.023799315842208 hp=1026 ax=0 ay=0
NODE S t738 b4 x=15 y=525 vx=5.449012818641816 vy=-6.096098629032048 hp=542 ax=0 ay=0
NODE P t738 -
NODE Z t738 -
NODE S t739 b1 x=25.619023131253183 y=488.063744217182 vx=-0.38244980741254975 vy=6.901332268252863 hp=1026 ax=0 ay=0
NODE S t739 b2 x=759.7331899474495 y=293.62676311525547 vx=100.57573334296474 vy=-130.17364167536923 hp=558 ax=0 ay=0
NODE S t739 b3 x=852.5880934648021 y=423.4051546289264 vx=-42.9640811194107 vy=-24.82535512024297 hp=1026 ax=0 ay=0
NODE S t739 b4 x=15 y=525 vx=5.453814482900189 vy=-6.094584442579632 hp=542 ax=0 ay=0
NODE P t739 -
NODE Z t739 -
NODE S t740 b1 x=25.64291338958422 y=488.0711353629821 vx=-0.4379981751648889 vy=6.885239540490181 hp=1026 ax=0 ay=0
NODE S t740 b2 x=761.449864666075 y=291.48892605671995 vx=103.0004831175237 vy=-128.2702235121304 hp=558 ax=0 ay=0
NODE S t740 b3 x=851.8798327534951 y=422.97818118750894 vx=-42.49564267841957 vy=-25.618406485050468 hp=1026 ax=0 ay=0
NODE S t740 b4 x=15 y=525 vx=5.45782568708399 vy=-6.091223937498472 hp=542 ax=0 ay=0
NODE P t740 -
NODE Z t740 -
NODE S t741 b1 x=25.62562184235294 y=488.2168826432434 vx=-1.037492833876748 vy=8.744836815680276 hp=1026 ax=0 ay=0
NODE S t741 b2 x=763.2063376660515 y=289.3835583257223 vx=105.38837999859115 vy=-126.322063859861 hp=558 ax=0 ay=0
NODE S t741 b3 x=851.1796242398198 y=422.53813658211436 vx=-42.012510820516695 vy=-26.402676323674683 hp=1026 ax=0 ay=0
NODE S t741 b4 x=15 y=525 vx=73.19101150703469 vy=-241.14536020675033 hp=526 ax=0 ay=0
NODE P t741 -
NODE Z t741 -
NODE CMD t741 ball3 ult dx=-0.45639696701269405 dy=-0.889776268789865 mag=0.48785179265952544
NODE S t742 b1 x=25.881827995706445 y=487.42367948547945 vx=22.06609435769842 vy=-70.49557952503505 hp=1026 ax=0 ay=0
NODE S t742 b2 x=757.1145094920845 y=271.93424167064086 vx=107.73864231319149 vy=-124.32987123996513 hp=558 ax=0 ay=0
NODE S t742 b3 x=850.4877100436183 y=422.0851717381343 vx=-41.51485177208543 vy=-27.177890638802353 hp=1026 ax=0 ay=0
NODE S t742 b4 x=15 y=524.8577122476999 vx=19.667903443215604 vy=72.89701062802786 hp=526 ax=0 ay=0
NODE P t742 -
NODE Z t742 47:wall@781.380643200274,286.46037664166715,-0.4739416036326336,9,0
NODE S t743 b1 x=26.224106314456225 y=486.33273171124756 vx=20.536699124986768 vy=-65.45686645391365 hp=1026 ax=0 ay=0
NODE S t743 b2 x=758.9678620972685 y=269.9287391952836 vx=111.20115631103788 vy=-120.33014852143606 hp=558 ax=0 ay=0
NODE S t743 b3 x=849.8046099142199 y=421.619265933775 vx=-40.98600776390336 vy=-27.95434826155818 hp=1026 ax=0 ay=0
NODE S t743 b4 x=15.123999230682223 y=525 vx=7.4399538409334225 vy=-53.74990893058053 hp=526 ax=0 ay=0
NODE P t743 -
NODE Z t743 47:wall@781.380643200274,286.46037664166715,-0.4739416036326336,9,0
NODE S t744 b1 x=26.5420619060794 y=485.3223452829365 vx=19.077335497390536 vy=-60.62318569866456 hp=1026 ax=0 ay=0
NODE S t744 b2 x=760.8760065988415 y=267.9880566943127 vx=114.48867009438415 vy=-116.44095005825145 hp=558 ax=0 ay=0
NODE S t744 b3 x=849.1304939156844 y=421.14062619184654 vx=-40.446959912133956 vy=-28.718384515710003 hp=1026 ax=0 ay=0
NODE S t744 b4 x=15.059689336027752 y=524.2955260529549 vx=-3.8585936792682225 vy=-42.26843682271091 hp=526 ax=0 ay=0
NODE P t744 -
NODE Z t744 47:wall@781.380643200274,286.46037664166715,-0.4739416036326336,9,0
NODE S t745 b1 x=26.83644591929914 y=484.3891366353097 vx=17.663040793184415 vy=-55.992518857609866 hp=1026 ax=0 ay=0
NODE S t745 b2 x=762.8361625171648 y=266.1104425494804 vx=117.60935509939341 vy=-112.6568486899393 hp=558 ax=0 ay=0
NODE S t745 b3 x=848.4655305665625 y=420.64945996581395 vx=-39.89780094731587 vy=-29.469973561954674 hp=1026 ax=0 ay=0
NODE S t745 b4 x=15 y=523.7661578952988 vx=10.332287176645936 vy=-31.762089459363658 hp=526 ax=0 ay=0
NODE P t745 -
NODE Z t745 47:wall@781.380643200274,286.46037664166715,-0.4739416036326336,9,0
NODE S t746 b1 x=27.108031848107053 y=483.52987543293426 vx=16.2951557284748 vy=-51.555672142526 hp=1026 ax=0 ay=0
NODE S t746 b2 x=764.8456815332717 y=264.2942336174529 vx=120.57114096641378 vy=-108.97253592165025 hp=558 ax=0 ay=0
NODE S t746 b3 x=847.8098869808916 y=420.145975088726 vx=-39.33861514025262 vy=-30.209092625276273 hp=1026 ax=0 ay=0
NODE S t746 b4 x=15 y=523.3970886839379 vx=0.9393487552055914 vy=-22.144152681652425 hp=526 ax=0 ay=0
NODE P t746 -
NODE Z t746 47:wall@781.380643200274,286.46037664166715,-0.4739416036326336,9,0
NODE S t747 b1 x=27.35765516245526 y=482.7414915593612 vx=14.977398860892245 vy=-47.30303241438634 hp=1026 ax=0 ay=0
NODE S t747 b2 x=766.9020431031311 y=262.53785330808245 vx=123.38169419156763 vy=-105.38281856222571 hp=558 ax=0 ay=0
NODE S t747 b3 x=847.1637289854723 y=419.63037975020063 vx=-38.76947972515808 vy=-30.93572031152068 hp=1026 ax=0 ay=0
NODE S t747 b4 x=15 y=523.1750761363741 vx=7.207947325328596 vy=-13.320752853829855 hp=526 ax=0 ay=0
NODE P t747 -
NODE Z t747 47:wall@781.380643200274,286.46037664166715,-0.4739416036326336,9,0
NODE S t748 b1 x=27.586156138340794 y=482.02105275817485 vx=13.710058553131981 vy=-43.22632807118048 hp=1026 ax=0 ay=0
NODE S t748 b2 x=769.0028497967799 y=260.83980968896606 vx=126.04840161892676 vy=-101.88261714698224 hp=558 ax=0 ay=0
NODE S t748 b3 x=846.5272212148928 y=419.1028824974674 vx=-38.19046623476992 vy=-31.649835163994243 hp=1026 ax=0 ay=0
NODE S t748 b4 x=15 y=523.0880427164409 vx=3.063285578401496 vy=-5.222005195991332 hp=526 ax=0 ay=0
NODE P t748 -
NODE Z t748 47:wall@781.380643200274,286.46037664166715,-0.4739416036326336,9,0
NODE S t749 b1 x=27.794375331167732 y=481.36575786523343 vx=12.493151569616254 vy=-39.31769357648325 hp=1026 ax=0 ay=0
NODE S t749 b2 x=771.1458224323839 y=259.1986935935558 vx=128.578358136238 vy=-98.46696572461512 hp=558 ax=0 ay=0
NODE S t749 b3 x=845.900527185673 y=418.56369225690077 vx=-37.60164175319107 vy=-32.351414433998514 hp=1026 ax=0 ay=0
NODE S t749 b4 x=15 y=523.1249709517027 vx=5.835592672835176 vy=2.2156941157086147 hp=526 ax=0 ay=0
NODE P t749 -
NODE Z t749 47:wall@781.380643200274,286.46037664166715,-0.4739416036326336,9,0
NODE S t750 b1 x=27.983149430926513 y=480.77293024307187 vx=11.326445985526773 vy=-35.56965732969261 hp=1026 ax=0 ay=0
NODE S t750 b2 x=773.3287950658205 y=257.6131767157851 vx=130.9783580061976 vy=-95.13101266624263 hp=558 ax=0 ay=0
NODE S t750 b3 x=845.2838093508144 y=418.01301837285837 vx=-37.00307009151885 vy=-33.040433042544 hp=1026 ax=0 ay=0
NODE S t750 b4 x=15 y=523.2758065640816 vx=4.007451414325756 vy=9.050136742731478 hp=526 ax=0 ay=0
NODE P t750 -
NODE Z t750 47:wall@781.380643200274,286.46037664166715,-0.4739416036326336,9,0
NODE S t751 b1 x=28.153307552497306 y=480.2400114723996 vx=10.209487294247646 vy=-31.975126240335456 hp=1026 ax=0 ay=0
NODE S t751 b2 x=775.5497098879746 y=256.0820096787948 vx=133.25488932924583 vy=-91.8700222194158 hp=558 ax=0 ay=0
NODE S t751 b3 x=844.6772291359697 y=417.45107066096983 vx=-36.39481289068544 vy=-33.71686271331291 hp=1026 ax=0 ay=0
NODE S t751 b4 x=15 y=523.5313694052807 vx=5.233979207551685 vy=15.333770471946547 hp=526 ax=0 ay=0
NODE P t751 -
NODE Z t751 47:wall@781.380643200274,286.46037664166715,-0.4739416036326336,9,0
NODE S t752 b1 x=28.3056679821277 y=479.7645553362076 vx=9.141625777823801 vy=-28.527368171519022 hp=1026 ax=0 ay=0
NODE S t752 b2 x=777.8066120745173 y=254.6040200690754 vx=135.41413119255787 vy=-88.67937658316332 hp=558 ax=0 ay=0
NODE S t752 b3 x=844.0809469583803 y=416.8780594733141 vx=-35.77693065536153 vy=-34.38067125934133 hp=1026 ax=0 ay=0
NODE S t752 b4 x=15 y=523.8832720009714 vx=4.427903813029615 vy=21.114155741440012 hp=526 ax=0 ay=0
NODE P t752 -
NODE Z t752 47:wall@781.380643200274,286.46037664166715,-0.4739416036326336,9,0
NODE S t753 b1 x=28.441035377853222 y=479.3442221158383 vx=8.122043743531277 vy=-25.219993222156806 hp=1020 ax=0 ay=0
NODE S t753 b2 x=780.0976446264061 y=253.17811043034604 vx=137.46195311332906 vy=-85.55457832376258 hp=558 ax=0 ay=0
NODE S t753 b3 x=843.4951222296759 y=416.2941957731819 vx=-35.14948372226782 vy=-35.03182200793198 hp=1026 ax=0 ay=0
NODE S t753 b4 x=15 y=524.3238453721434 vx=4.970690324503636 vy=26.434402270323183 hp=526 ax=0 ay=0
NODE P t753 48@785.5259597093929,276.09291913820067,158.89460095145472,442.3262436126507
NODE Z t753 47:wall@781.380643200274,286.46037664166715,-0.4739416036326336,9,0
NODE S t754 b1 x=28.560198405713535 y=478.9767732056699 vx=7.1497816716188956 vy=-22.046934610107044 hp=1020 ax=0 ay=0
NODE S t754 b2 x=782.4210432336181 y=251.8032562139032 vx=139.4039164327176 vy=-82.49125298657036 hp=558 ax=0 ay=0
NODE S t754 b3 x=842.9199133435793 y=415.69969121734783 vx=-34.5125331657938 vy=-35.67027335004465 hp=1026 ax=0 ay=0
NODE S t754 b4 x=15 y=524.8460717119648 vx=4.6153143110565695 vy=31.333580389284865 hp=526 ax=0 ay=0
NODE P t754 48@788.1742030585838,283.46502319841153,158.89460095145472,442.3262436126507
NODE Z t754 47:wall@781.380643200274,286.46037664166715,-0.4739416036326336,9,0
NODE S t755 b1 x=28.66392778347672 y=478.6600660435979 vx=6.223762665791119 vy=-19.002429724317416 hp=1020 ax=0 ay=0
NODE S t755 b2 x=784.7751311896203 y=250.4785036840982 vx=141.24527736013135 vy=-79.48515178830031 hp=558 ax=0 ay=0
NODE S t755 b3 x=842.355477649522 y=415.094758243983 vx=-33.86614164343819 vy=-36.295978401889315 hp=1026 ax=0 ay=0
NODE S t755 b4 x=15 y=525 vx=4.855488229185173 vy=-25.809914815245737 hp=526 ax=0 ay=0
NODE P t755 48@790.8224464077747,290.8371272586224,158.89460095145472,442.3262436126507
NODE Z t755 47:wall@781.380643200274,286.46037664166715,-0.4739416036326336,9,0
NODE CMD t755 ball4 ult dx=0.2979851280117807 dy=-0.9545705125781974 mag=0.05430978145450354
