Comparação linha a linha do estado em precisão total, ticks 720-755, seed 1.
Lado Node: `03-zoom-node.out`. Lado Chrome: mesmo corpo, rodado no navegador.

linhas: node=218 chrome=218
linhas divergentes: 40 · primeira: índice 134

  = [132] NODE   CMD t741 ball3 ult dx=-0.45639696701269405 dy=-0.889776268789865 mag=0.48785179265952544
  = [132] CHROME CMD t741 ball3 ult dx=-0.45639696701269405 dy=-0.889776268789865 mag=0.48785179265952544
  = [133] NODE   S t742 b1 x=25.881827995706445 y=487.42367948547945 vx=22.06609435769842 vy=-70.49557952503505 hp=1026 ax=0 ay=0
  = [133] CHROME S t742 b1 x=25.881827995706445 y=487.42367948547945 vx=22.06609435769842 vy=-70.49557952503505 hp=1026 ax=0 ay=0
 >> [134] NODE   S t742 b2 x=757.1145094920845 y=271.93424167064086 vx=107.73864231319149 vy=-124.32987123996513 hp=558 ax=0 ay=0
 >> [134] CHROME S t742 b2 x=757.1145094920844 y=271.93424167064086 vx=107.73864231319149 vy=-124.32987123996513 hp=558 ax=0 ay=0
  = [135] NODE   S t742 b3 x=850.4877100436183 y=422.0851717381343 vx=-41.51485177208543 vy=-27.177890638802353 hp=1026 ax=0 ay=0
  = [135] CHROME S t742 b3 x=850.4877100436183 y=422.0851717381343 vx=-41.51485177208543 vy=-27.177890638802353 hp=1026 ax=0 ay=0
  = [136] NODE   S t742 b4 x=15 y=524.8577122476999 vx=19.667903443215604 vy=72.89701062802786 hp=526 ax=0 ay=0
  = [136] CHROME S t742 b4 x=15 y=524.8577122476999 vx=19.667903443215604 vy=72.89701062802786 hp=526 ax=0 ay=0
  = [137] NODE   P t742 -
  = [137] CHROME P t742 -
 >> [138] NODE   Z t742 47:wall@781.380643200274,286.46037664166715,-0.4739416036326336,9,0
 >> [138] CHROME Z t742 47:wall@781.380643200274,286.46037664166715,-0.47394160363263316,9,0
  = [139] NODE   S t743 b1 x=26.224106314456225 y=486.33273171124756 vx=20.536699124986768 vy=-65.45686645391365 hp=1026 ax=0 ay=0
  = [139] CHROME S t743 b1 x=26.224106314456225 y=486.33273171124756 vx=20.536699124986768 vy=-65.45686645391365 hp=1026 ax=0 ay=0

O `angle` da linha 138 é o da Muralha criada pela ult do Golem no tick 741, e sai de
`chars/golem.ts:140` — `Math.atan2(aim.dy, aim.dx) + Math.PI / 2` — com os MESMOS argumentos
nas duas engines (linha 132, idêntica). Ver `06-math-chrome.out` vs `05-math-node.out`:

  Node   atan2(-0.889776268789865,-0.45639696701269405) = -2.04473793042753
  Chrome atan2(-0.889776268789865,-0.45639696701269405) = -2.0447379304275297

1 ULP. A partir daí o ângulo entra em `sim/physics.ts:181-182` (cos/sin da colisão com parede)
e a divergência caminha pelo estado.
